[www.robeco.nl/mijn-robeco/login.html]
[backblue.gif]
[fade.gif]
[index.html]
[www.robeco.nl/myrobecoassets/css/ofsac5f.css]
[tags.tiqcdn.com/utag/robeco/retail4.0/prod/utag.js]
[try.abtasty.com/212e254afe4b725ecb452044eec6850f.js]
[www.robeco.nl/assets/my-robecoac5f.css]
[www.robeco.nl/myrobecoassets/css/becomeClientGeneralac5f.css]
[www.robeco.nl/myrobecoassets/css/bcgridac5f.css]
[www.robeco.nl/myrobecoassets/css/infoIconsStylingac5f.css]
[www.robeco.nl/myrobecoassets/css/bcRedesignLoginac5f.css]
[www.robeco.nl/myrobecoassets/css/resBecomeClient_loginac5f.css]
[www.robeco.nl/mijn-robeco/rekeningen.html]
[www.robeco.nl/mijn-robeco/index.html]
[www.robeco.nl/mijn-robeco/persoonsgegevens.html]
[www.robeco.nl/mijn-robeco/logout.html]
[www.robeco.nl/mijn-robeco/wachtwoord-vergeten.html]
[www.robeco.nl/mijn-robeco/upload-documenten.html]
[www.robeco.nl/myrobecoassets/js/requireac5f.js]
[cdn.conversationalsdevelopment.nl/robeco/va/indexec92.js]
[www.robeco.nl/mijn-robeco/login.html]
[www.robeco.nl/assets/my-robeco/my-robecoac5f.js]
[www.robeco.nl/images/input.submit.png]
[www.robeco.nl/images/watch.png]
[www.robeco.nl/images/navigation.gif]
[www.robeco.nl/images/arrow_down.png]
[www.robeco.nl/images/navigation.active.png]
[www.robeco.nl/images/main.gif]
[www.robeco.nl/images/side.png]
[www.robeco.nl/images/prev_next_vertical.png]
[www.robeco.nl/images/watched.png]
[www.robeco.nl/images/menu.png]
[www.robeco.nl/images/arrow_right.png]
[www.robeco.nl/images/box_before.png]
[www.robeco.nl/images/contact_icons.png]
[www.robeco.nl/images/phonenumber.png]
[www.robeco.nl/images/balloon_contact.png]
[www.robeco.nl/images/plus_min.png]
[www.robeco.nl/images/plus_min.child.png]
[www.robeco.nl/images/sub.gif]
[www.robeco.nl/images/select.png]
[www.robeco.nl/images/article_arrow_right.png]
[www.robeco.nl/images/youtube.png]
[www.robeco.nl/images/prev_next_horizontal.png]
[www.robeco.nl/images/horizontal_type3.gif]
[www.robeco.nl/images/logos.png]
[www.robeco.nl/images/dot.png]
[www.robeco.nl/images/play.png]
[www.robeco.nl/images/prev_next_scrollable.png]
[www.robeco.nl/images/map.gif]
[www.robeco.nl/images/point.png]
[www.robeco.nl/images/overlay_close.png]
[www.robeco.nl/images/box.png]
[www.robeco.nl/images/close.png]
[www.robeco.nl/images/loading.gif]
[www.robeco.nl/images/overlay_title.png]
[www.robeco.nl/images/overlay_arrow_right.png]
[www.robeco.nl/images/info.gif]
[www.robeco.nl/images/favorite.png]
[www.robeco.nl/images/button_alpha.png]
[www.robeco.nl/images/button_beta.png]
[www.robeco.nl/images/form.png]
[www.robeco.nl/images/rendement_rating.png]
[www.robeco.nl/images/tooltip_arrows.png]
[www.robeco.nl/images/thumb.png]
[www.robeco.nl/images/column_double.png]
[www.robeco.nl/images/filter_checkbox.png]
[www.robeco.nl/images/remove.png]
[www.robeco.nl/images/view.png]
[www.robeco.nl/images/order_tmp.png]
[www.robeco.nl/images/up_down.png]
[www.robeco.nl/images/opportunity.png]
[www.robeco.nl/images/prev_next_funds.gif]
[www.robeco.nl/images/compare.gif]
[www.robeco.nl/images/remove.gif]
[www.robeco.nl/images/bio_balloon.png]
[www.robeco.nl/images/linkedin_twitter.png]
[www.robeco.nl/images/horizontal_tweet.png]
[www.robeco.nl/images/order.png]
[www.robeco.nl/images/robeco.png]
[www.robeco.nl/images/ask.gif]
[www.robeco.nl/images/flag.png]
[www.robeco.nl/images/label.png]
[www.robeco.nl/images/result_table_shadow.png]
[www.robeco.nl/images/checked.gif]
[www.robeco.nl/images/balloon.png]
[www.robeco.nl/images/menu_dashboard.png]
[www.robeco.nl/images/flash.png]
[www.robeco.nl/images/indicator.png]
[www.robeco.nl/images/settle.gif]
[www.robeco.nl/images/ideal.png]
[www.robeco.nl/images/banks.png]
[www.robeco.nl/images/order_small.png]
[www.robeco.nl/images/pdf.png]
[www.robeco.nl/images/txt.png]
[www.robeco.nl/images/clock.png]
[www.robeco.nl/images/register_choose.gif]
[www.robeco.nl/images/registered.png]
[www.robeco.nl/images/logout.png]
[www.robeco.nl/images/types.png]
[www.robeco.nl/images/tool_bg.png]
[www.robeco.nl/images/grip.png]
[www.robeco.nl/images/legenda.png]
[www.robeco.nl/images/map_layers.png]
[www.robeco.nl/images/tip_icon.png]
[www.robeco.nl/images/managers.png]
[www.robeco.nl/images/sub_arrow.png]
[www.robeco.nl/images/finished.png]
[www.robeco.nl/images/thumb-disabled.png]
[www.robeco.nl/images/login.png]
[www.robeco.nl/images/overlay_top.png]
[www.robeco.nl/images/overlay_bottom.png]
[www.robeco.nl/images/overlayCloseBackground.png]
[www.robeco.nl/images/arrow_right_small.png]
[www.robeco.nl/images/twitter_profile.png]
[www.robeco.nl/images/facebook_profile.png]
[www.robeco.nl/images/linkedin_profile.png]
[www.robeco.nl/images/zero.gif]
[www.robeco.nl/images/rotator-white.png]
[www.robeco.nl/images/timer-white.png]
[www.robeco.nl/images/article_position.png]
[www.robeco.nl/images/world_map.png]
[www.robeco.nl/images/OFS_failure.png]
[www.robeco.nl/images/header.png]
[www.robeco.nl/images/basic-map.png]
[www.robeco.nl/images/europe.png]
[www.robeco.nl/images/n-america.png]
[www.robeco.nl/images/asia-pacific.png]
[www.robeco.nl/images/emerging-markets.png]
[www.robeco.nl/images/portefeuille-basic-map.png]
[www.robeco.nl/images/portefeuille-europe.png]
[www.robeco.nl/images/portefeuille-america.png]
[www.robeco.nl/images/portefeuille-asia-pacific.png]
[www.robeco.nl/images/portefeuille-emerging-markets.png]
[www.robeco.nl/images/Refresh.png]
[www.robeco.nl/images/xcross_small.jpg]
[www.robeco.nl/images/arrow_up.png]
[www.robeco.nl/images/xcross.jpg]
[www.robeco.nl/images/attention.jpg]
[www.robeco.nl/images/contact_icons_disabled.png]
[www.robeco.nl/images/plus_min-gray.png]
[www.robeco.nl/images/greenV.png]
[www.robeco.nl/images/Darkgray_arrow-right.png]
[www.robeco.nl/images/Lightgray_arrow-right.png]
[www.robeco.nl/images/emandates.png]
[www.robeco.nl/images/eye.png]
[www.robeco.nl/images/colapse.png]
[www.robeco.nl/images/expand.png]
[www.robeco.nl/myrobecoassets/css/ofsac5f.css]
[www.robeco.nl/assets/fonts/glyphicons-halflings-regular.eot]
[www.robeco.nl/assets/fonts/glyphicons-halflings-regulard41d.eot]
[www.robeco.nl/assets/fonts/glyphicons-halflings-regular.woff]
[www.robeco.nl/assets/fonts/glyphicons-halflings-regular.woff2]
[www.robeco.nl/assets/fonts/glyphicons-halflings-regular.ttf]
[www.robeco.nl/assets/fonts/robglobicons.eot]
[www.robeco.nl/assets/fonts/robglobiconsd41d.eot]
[www.robeco.nl/assets/fonts/robglobicons.woff]
[www.robeco.nl/assets/fonts/robglobicons.ttf]
[www.robeco.nl/assets/fonts/taz-regular-webfont.eot]
[www.robeco.nl/assets/fonts/taz-regular-webfontd41d.eot]
[www.robeco.nl/assets/fonts/taz-regular-webfont.woff]
[www.robeco.nl/assets/fonts/taz-regular-webfont.ttf]
[www.robeco.nl/assets/fonts/taz-semilight-webfont.eot]
[www.robeco.nl/assets/fonts/taz-semilight-webfontd41d.eot]
[www.robeco.nl/assets/fonts/taz-semilight-webfont.woff]
[www.robeco.nl/assets/fonts/taz-semilight-webfont.ttf]
[www.robeco.nl/assets/fonts/taz-light-webfont.eot]
[www.robeco.nl/assets/fonts/taz-light-webfontd41d.eot]
[www.robeco.nl/assets/fonts/taz-light-webfont.woff]
[www.robeco.nl/assets/fonts/taz-light-webfont.ttf]
[www.robeco.nl/assets/fonts/taz-lightitalic-webfont.eot]
[www.robeco.nl/assets/fonts/taz-lightitalic-webfontd41d.eot]
[www.robeco.nl/assets/fonts/taz-lightitalic-webfont.woff]
[www.robeco.nl/assets/fonts/taz-lightitalic-webfont.ttf]
[www.robeco.nl/assets/fonts/taz-semibold-webfont.eot]
[www.robeco.nl/assets/fonts/taz-semibold-webfontd41d.eot]
[www.robeco.nl/assets/fonts/taz-semibold-webfont.woff]
[www.robeco.nl/assets/fonts/taz-semibold-webfont.ttf]
[www.robeco.nl/assets/fonts/taz-extrabold-webfont.eot]
[www.robeco.nl/assets/fonts/taz-extrabold-webfontd41d.eot]
[www.robeco.nl/assets/fonts/taz-extrabold-webfont.woff]
[www.robeco.nl/assets/fonts/taz-extrabold-webfont.ttf]
[www.robeco.nl/assets/my-robecoac5f.css]
[www.robeco.nl/myrobecoassets/css/becomeClientGeneralac5f.css]
[www.robeco.nl/myrobecoassets/css/bcgridac5f.css]
[www.robeco.nl/images/remove-icon.gif]
[www.robeco.nl/myrobecoassets/css/infoIconsStylingac5f.css]
[www.robeco.nl/images/eye_new.png]
[www.robeco.nl/images/eye_on.png]
[www.robeco.nl/images/check_blue.png]
[www.robeco.nl/images/link_icon.png]
[www.robeco.nl/myrobecoassets/css/bcRedesignLoginac5f.css]
[www.robeco.nl/myrobecoassets/css/resBecomeClient_loginac5f.css]
[www.robeco.nl/myrobecoassets/css/commonStylingac5f.css]
[www.robeco.nl/myrobecoassets/css/dashboardStylingac5f.css]
[www.robeco.nl/myrobecoassets/css/dciac5f.css]
[www.robeco.nl/myrobecoassets/js/commonsResourcesac5f.js]
[www.robeco.nl/myrobecoassets/js/pendingOrdersac5f.js]
[www.robeco.nl/myrobecoassets/js/highchartsac5f.js]
[www.robeco.nl/myrobecoassets/js/mailUploadsForDashboardac5f.js]
[www.robeco.nl/myrobecoassets/js/idealConfirmationac5f.js]
[www.robeco.nl/images/dci-fintech-480x320px_tcm5-344967d9.jpg]
[www.robeco.nl/images/one-duurzaam-600x400px_tcm5-14579e42d.jpg]
[www.robeco.nl/mijn-robeco/index.html]
[www.robeco.nl/myrobecoassets/js/dashboardac5f.js]
[www.robeco.nl/myrobecoassets/css/myAccountsStylingac5f.css]
[www.robeco.nl/myrobecoassets/js/myAccountsac5f.js]
[www.robeco.nl/mijn-robeco/rekeningen.html]
[www.robeco.nl/myrobecoassets/css/changeContactInfoFormac5f.css]
[www.robeco.nl/myrobecoassets/js/commonsac5f.js]
[www.robeco.nl/mijn-robeco/persoonsgegevens.html]
[www.robeco.nl/myrobecoassets/js/myRobecoProfileac5f.js]
[www.robeco.nl/assets/mainac5f.css]
[www.robeco.nl/mijn-robeco/logout.html]
[www.robeco.nl/mijn-robeco/'$1$2'_$1$2_/a_$3_/index.html]
[www.robeco.nl/assets/main/mainac5f.js]
[www.robeco.nl/myrobecoassets/css/passwordForgottenPagesac5f.css]
[www.robeco.nl/mijn-robeco/wachtwoord-vergeten.html]
[www.robeco.nl/myrobecoassets/css/uploadDocumentsStylingac5f.css]
[www.robeco.nl/mijn-robeco/upload-documenten.html]
[www.robeco.nl/images/rosa2.png]
[www.robeco.nl/images/content/overlay_type-1.png]
[www.robeco.nl/images/content/overlay_type-2.png]
[www.robeco.nl/images/content/overlay_type-3.png]
[www.robeco.nl/images/content/overlay_type-4.png]
[www.robeco.nl/images/content/drop.png]
[www.robeco.nl/images/badges.png]
[www.robeco.nl/images/rosa.png]
[www.robeco.nl/images/users.png]
[www.robeco.nl/images/callout2.png]
[www.robeco.nl/images/single_arrow_down.png]
[www.robeco.nl/images/content/header.jpg]
[www.robeco.nl/images/content/badge_gold.png]
[www.robeco.nl/images/content/badge_bronse.png]
[www.robeco.nl/myrobecoassets/js/uploadDocumentsac5f.js]
[www.robeco.nl/images/arrow-down-blue.png]
[www.robeco.nl/images/line-with-half-circle.png]
[www.robeco.nl/images/download-file.png]
[www.robeco.nl/images/arrow_left.png]
[www.robeco.nl/images/doc.png]
[www.robeco.nl/images/plus_icon.png]
[www.robeco.nl/images/plus_icon_white.png]
[www.robeco.nl/images/cancel-button.png]
[www.robeco.nl/images/light-arrow-down-blue.png]
[www.robeco.nl/images/light-arrow-up-blue.png]
[www.robeco.nl/images/rendement-up.png]
[www.robeco.nl/images/rendement-down.png]
[www.robeco.nl/images/warning_icon.png]
[www.robeco.nl/images/info_icon.png]
[www.robeco.nl/myrobecoassets/css/commonStylingac5f.css]
[www.robeco.nl/images/edit-icon.png]
[www.robeco.nl/images/delete-icon.png]
[www.robeco.nl/images/big-arrow.png]
[www.robeco.nl/images/white-arrow.png]
[www.robeco.nl/images/search-icon.png]
[www.robeco.nl/images/round_close.png]
[www.robeco.nl/myrobecoassets/css/dashboardStylingac5f.css]
[www.robeco.nl/myrobecoassets/css/dciac5f.css]
[www.robeco.nl/myrobecoassets/css/myAccountsStylingac5f.css]
[www.robeco.nl/myrobecoassets/css/changeContactInfoFormac5f.css]
[www.robeco.nl/assets/images/campaign_navigation_bg.png]
[www.robeco.nl/assets/images/erasmusbrug.png]
[www.robeco.nl/assets/images/grid-waves-lg.png]
[www.robeco.nl/assets/images/grid-waves-md.png]
[www.robeco.nl/assets/images/grid-waves-wide-lg.png]
[www.robeco.nl/assets/images/grid-waves-bttm.png]
[www.robeco.nl/assets/images/BG_fundselector_block.png]
[www.robeco.nl/assets/images/riskbar-1.png]
[www.robeco.nl/assets/images/riskbar-2.png]
[www.robeco.nl/assets/images/riskbar-3.png]
[www.robeco.nl/assets/images/riskbar-4.png]
[www.robeco.nl/assets/images/riskbar-5.png]
[www.robeco.nl/assets/images/riskbar-6.png]
[www.robeco.nl/assets/images/riskbar-7.png]
[www.robeco.nl/assets/images/risicometer-1.png]
[www.robeco.nl/assets/images/risicometer-2.png]
[www.robeco.nl/assets/images/risicometer-3.png]
[www.robeco.nl/assets/images/risicometer-4.png]
[www.robeco.nl/assets/images/risicometer-5.png]
[www.robeco.nl/assets/images/risicometer-6.png]
[www.robeco.nl/assets/images/risicometer-7.png]
[www.robeco.nl/assets/images/morningstar-0.png]
[www.robeco.nl/assets/images/morningstar-1.png]
[www.robeco.nl/assets/images/morningstar-2.png]
[www.robeco.nl/assets/images/morningstar-3.png]
[www.robeco.nl/assets/images/morningstar-4.png]
[www.robeco.nl/assets/images/morningstar-5.png]
[www.robeco.nl/assets/images/BG_cta.png]
[www.robeco.nl/assets/images/tmp-non-repeatable-pattern.png]
[www.robeco.nl/assets/images/related-1.png]
[www.robeco.nl/assets/images/fund-detail-header.png]
[www.robeco.nl/assets/images/sticky-banner-fund-detail-smooth.png]
[www.robeco.nl/assets/images/sticky-banner-fund-detail-mobile.png]
[www.robeco.nl/assets/images/anchor-list-icon.png]
[www.robeco.nl/assets/mainac5f.css]
[www.robeco.nl/myrobecoassets/css/passwordForgottenPagesac5f.css]
[www.robeco.nl/myrobecoassets/css/uploadDocumentsStylingac5f.css]
[www.robeco.nl/BG_fondsmanager_mob.html]
